{
  "annotations": {
    "destructiveHint": true,
    "title": "Manage discussion comments"
  },
  "description": "Write-only operations for discussion comments.\nUse only when the user explicitly asks to add a comment, reply, update, delete, mark as answer, or unmark as answer.\nDo not use this to read, list, get, summarize, count, search, or inspect discussion comments; use get_discussion_comments for read-only comment requests.",
  "inputSchema": {
    "properties": {
      "body": {
        "description": "Comment content (required for 'add', 'reply', and 'update' methods)",
        "type": "string"
      },
      "commentNodeID": {
        "description": "The Node ID of the discussion comment (required for 'reply', 'update', 'delete', 'mark_answer', and 'unmark_answer' methods). For 'reply', this is the top-level comment to reply to; GitHub Discussions only support one level of nesting.",
        "type": "string"
      },
      "discussionNumber": {
        "description": "Discussion number from the URL path after /discussions/ (required for 'add' and 'reply' methods). This is not a node ID.",
        "type": "number"
      },
      "method": {
        "description": "Write operation to perform on a discussion comment.\nOptions are:\n- 'add' - adds a new top-level comment to a discussion.\n- 'reply' - replies to a top-level discussion comment (GitHub Discussions only support one level of nesting).\n- 'update' - updates an existing discussion comment.\n- 'delete' - deletes a discussion comment.\n- 'mark_answer' - marks a discussion comment as the answer (Q\u0026A only).\n- 'unmark_answer' - unmarks a discussion comment as the answer (Q\u0026A only).\n",
        "enum": [
          "add",
          "reply",
          "update",
          "delete",
          "mark_answer",
          "unmark_answer"
        ],
        "type": "string"
      },
      "owner": {
        "description": "Repository owner or organization login (required for 'add' and 'reply' methods). For org-level discussion URLs like https://github.com/orgs/ORG/discussions/NUMBER, use ORG.",
        "type": "string"
      },
      "repo": {
        "description": "Repository name (required for 'add' and 'reply' methods). For org-level discussion URLs like https://github.com/orgs/ORG/discussions/NUMBER, use .github.",
        "type": "string"
      }
    },
    "required": [
      "method"
    ],
    "type": "object"
  },
  "name": "discussion_comment_write"
}