{
  "annotations": {
    "readOnlyHint": true,
    "title": "Get discussion"
  },
  "description": "Get a specific discussion by owner, repository, and discussion number.\nReturns discussion metadata such as title, body, URL, status, category, and timestamps.\nDoes not return comments, replies, or comment counts. Do not use this for requests to read, list, summarize, count, or inspect discussion comments; use get_discussion_comments instead.",
  "inputSchema": {
    "properties": {
      "discussionNumber": {
        "description": "Discussion number from the URL path after /discussions/. This is not a node ID.",
        "type": "number"
      },
      "owner": {
        "description": "Repository owner or organization login. For org-level discussion URLs like https://github.com/orgs/ORG/discussions/NUMBER, use ORG.",
        "type": "string"
      },
      "repo": {
        "description": "Repository name. For org-level discussion URLs like https://github.com/orgs/ORG/discussions/NUMBER, use .github.",
        "type": "string"
      }
    },
    "required": [
      "owner",
      "repo",
      "discussionNumber"
    ],
    "type": "object"
  },
  "name": "get_discussion"
}